# Verbatim stdout of every run behind dsrc_stages_devmachine.json.
# Repeat 0 (machine comparatively idle):
source: synthetic (no --here-log given)
coverage outcomes over 300 ticks: {'ok': 300}
segment_assemble_ms (THIS MACHINE, not the Orin): {'n': 300, 'mean': 30.213484429987147, 'p50': 29.99891701620072, 'p95': 31.644579104613513, 'max': 32.922834041528404}
dsrc_infer_ms       (THIS MACHINE, not the Orin): {'n': 300, 'mean': 0.032783730033164225, 'p50': 0.027353991754353046, 'p95': 0.05996006657369435, 'max': 0.39870908949524164}

# Repeats 1-3 (task 143's mutation gate running the full suite concurrently):
########## REPEAT 1 ##########
source: synthetic (no --here-log given)
coverage outcomes over 300 ticks: {'ok': 300}
segment_assemble_ms (THIS MACHINE, not the Orin): {'n': 300, 'mean': 30.320565396687016, 'p50': 30.16154153738171, 'p95': 30.722135037649423, 'max': 41.38824995607138}
dsrc_infer_ms       (THIS MACHINE, not the Orin): {'n': 300, 'mean': 0.05102192944226166, 'p50': 0.04168751183897257, 'p95': 0.09284340776503086, 'max': 0.5580410361289978}
########## REPEAT 2 ##########
source: synthetic (no --here-log given)
coverage outcomes over 300 ticks: {'ok': 300}
segment_assemble_ms (THIS MACHINE, not the Orin): {'n': 300, 'mean': 30.3131130465772, 'p50': 29.913083475548774, 'p95': 34.73718191380613, 'max': 39.48862501420081}
dsrc_infer_ms       (THIS MACHINE, not the Orin): {'n': 300, 'mean': 0.05289836476246516, 'p50': 0.04618801176548004, 'p95': 0.09276223718188704, 'max': 0.4740830045193434}
########## REPEAT 3 ##########
source: synthetic (no --here-log given)
coverage outcomes over 300 ticks: {'ok': 300}
segment_assemble_ms (THIS MACHINE, not the Orin): {'n': 300, 'mean': 30.119997642856713, 'p50': 29.925896029453725, 'p95': 30.486139567801732, 'max': 52.69445793237537}
dsrc_infer_ms       (THIS MACHINE, not the Orin): {'n': 300, 'mean': 0.05478705667580167, 'p50': 0.053937488701194525, 'p95': 0.09574544965289535, 'max': 0.47741702292114496}
