features src: ('density', 'lanes', 'speed', 'gap', 'input_rate', 'exit_rate')
12 super-segments, 15732 parameters
entry gate on for the trained arm, never for no control
train (1, 2, 3, 4, 5, 6, 7, 8, 9, 10)  validate (11, 12, 13, 14, 15)  test (16, 17, 18, 19, 20)

  ep  seed   eps       loss     return     flow   speed   validation
   0     1  0.30   6843.107     -73.94     3504   38.96   [7s]
   1     2  0.30  40210.492     -63.61     3320   35.87   [7s]
   2     3  0.29  16579.553      42.01     3549   37.70   [7s]
   3     4  0.29   6395.759     -51.11     3462   36.12   [7s]
   4     5  0.29   6502.022     -82.80     3369   32.72   return -63.6  flow 3300  speed 35.94  <- best   [46s]
   5     6  0.28   6499.046     -88.23     3296   36.69   [8s]
   6     7  0.28   6998.239     -61.68     3302   36.46   [8s]
   7     8  0.28   9928.625     -61.39     3313   35.78   [8s]
   8     9  0.27  11769.979     -61.72     3362   37.07   [8s]
   9    10  0.27  12193.163     -98.77     3253   38.71   return -150.6  flow 3581  speed 39.70   [44s]
  10     1  0.26  10740.340    -110.26     3462   36.47   [7s]
  11     2  0.26   6839.506     -17.16     3682   37.14   [7s]
  12     3  0.26   5379.161     -10.98     3598   35.61   [7s]
  13     4  0.25   7736.957     -42.56     3413   30.87   [7s]
  14     5  0.25   6968.517     -25.47     3273   32.78   return -103.7  flow 3341  speed 37.26   [44s]
  15     6  0.25   6019.584    -135.53     3331   37.63   [7s]
  16     7  0.24   4479.551       8.75     3358   38.51   [7s]
  17     8  0.24   5186.319       1.81     3740   38.94   [7s]
  18     9  0.24   5005.074     -76.35     3451   36.01   [7s]
  19    10  0.23   3968.961      -3.10     3682   38.57   return -177.8  flow 3080  speed 33.96   [46s]
  20     1  0.23   6623.093    -202.25     3056   35.76   [8s]
  21     2  0.23   4417.557    -167.69     3033   31.59   [8s]
  22     3  0.22   4706.616    -127.30     3424   35.86   [8s]
  23     4  0.22   5580.702      37.85     3964   36.62   [7s]
  24     5  0.21   3738.080     -34.92     3680   42.87   return 110.8  flow 3803  speed 39.88  <- best   [39s]
  25     6  0.21   7754.531     -26.83     3447   39.39   [7s]
  26     7  0.21   6580.119      -9.27     3333   40.35   [7s]
  27     8  0.20   6940.936      -1.45     3447   39.69   [7s]
  28     9  0.20   5581.889      26.00     3402   38.31   [7s]
  29    10  0.20   4971.998     -39.24     3593   37.60   return -3.0  flow 3756  speed 39.97   [41s]
  30     1  0.19   5413.453     -47.59     3542   40.79   [7s]
  31     2  0.19   5520.569    -120.29     3327   40.05   [7s]
  32     3  0.19   4804.990     -80.42     3473   41.07   [7s]
  33     4  0.18   4965.561     -19.78     3469   40.66   [7s]
  34     5  0.18   5563.920     -86.79     3464   39.38   return -68.3  flow 3448  speed 40.70   [43s]
  35     6  0.18   6696.537     -89.76     3367   40.02   [7s]
  36     7  0.17   9083.063     -88.37     3436   38.34   [7s]
  37     8  0.17   7103.358     -43.95     3260   32.63   [7s]
  38     9  0.17   6016.215     -31.18     3296   33.27   [7s]
  39    10  0.16   5769.668     -36.75     3216   32.55   return -52.9  flow 3526  speed 38.54   [41s]
  40     1  0.16   6263.798     -53.20     3491   38.40   [7s]
  41     2  0.15   6412.031      17.37     3918   39.98   [7s]
  42     3  0.15   4166.711      -0.69     3756   36.40   [7s]
  43     4  0.15   5380.258     -24.25     3660   41.36   [7s]
  44     5  0.14   5065.749     151.81     3804   45.55   return 182.5  flow 3734  speed 40.65  <- best   [39s]
  45     6  0.14   6088.854     -65.49     3176   33.34   [7s]
  46     7  0.14   4643.633     -36.15     3196   32.86   [7s]
  47     8  0.13   4642.851       1.88     3138   35.55   [7s]
  48     9  0.13   5474.962      17.98     3173   34.54   [7s]
  49    10  0.13   4744.606      37.12     3284   33.51   return 42.5  flow 3649  speed 36.83   [42s]
  50     1  0.12   3707.343      34.72     3562   36.04   [7s]
  51     2  0.12   3725.210      72.97     3578   38.92   [7s]
  52     3  0.12   3618.869      27.07     3567   38.59   [7s]
  53     4  0.11   3875.534     104.91     3758   40.31   [7s]
  54     5  0.11   3568.564     129.01     3687   42.11   return 49.0  flow 3664  speed 41.46   [40s]
  55     6  0.11   3663.432      34.47     3591   39.44   [7s]
  56     7  0.10   3048.006      10.53     3680   40.51   [7s]
  57     8  0.10   4368.933      60.79     3733   42.85   [7s]
  58     9  0.09   3536.055     124.54     3518   38.34   [7s]
  59    10  0.09   3938.147      -7.73     3369   39.30   return -24.9  flow 3393  speed 39.55   [42s]
  60     1  0.09   2274.510     -44.05     3398   37.88   [7s]
  61     2  0.08   3255.214     -59.84     3422   40.88   [7s]
  62     3  0.08   4990.607     -83.14     3627   39.75   [7s]
  63     4  0.08   3444.272       2.20     3431   39.99   [7s]
  64     5  0.07   5298.137     -65.00     3336   38.36   return -89.2  flow 3388  speed 39.86   [44s]
  65     6  0.07   3226.773     -96.55     3369   39.35   [7s]
  66     7  0.07   4220.364     -55.04     3304   37.73   [7s]
  67     8  0.06   2227.325     -44.95     3373   36.08   [7s]
  68     9  0.06   2933.367     -14.00     3318   35.19   [7s]
  69    10  0.06   3371.171     -50.41     3362   34.53   return -19.9  flow 3307  speed 34.32   [43s]
  70     1  0.05   3273.985     -10.04     3331   32.66   [7s]
  71     2  0.05   2609.920      -4.64     3284   34.40   [7s]
  72     3  0.04   3186.814      34.61     3242   35.22   [7s]
  73     4  0.04   5853.007      67.58     3347   34.83   [7s]
  74     5  0.04   7031.356     127.77     3731   37.87   return 63.6  flow 3749  speed 38.21   [39s]
  75     6  0.03   3328.673      32.80     3762   39.43   [7s]
  76     7  0.03   4406.075      28.49     3753   37.53   [7s]
  77     8  0.03   2531.714      37.75     3771   37.38   [7s]
  78     9  0.02   2436.133      40.74     3684   37.19   [7s]
  79    10  0.02   2011.345      44.37     3771   40.49   return 56.2  flow 3709  speed 40.79   [40s]

best checkpoint: episode 44, validation return 182.47

reading the held-out test seeds, once
  trained    flow    3756 veh/h  return    193.8  space-mean speed  40.82 km/h  vehicles     879  arrived  1991.4  held at entry    49.8
  no control flow    3568 veh/h  return     55.1  space-mean speed  42.68 km/h  vehicles     858  arrived  1950.8  held at entry     0.0
  difference +5.3% in steady-state flow
