features here: ('speed', 'free_flow', 'jam_factor', 'lanes', 'length_km')
12 super-segments, 11676 parameters
entry gate on for the trained arm, never for no control
train (1, 2, 3, 4, 5, 6, 7, 8, 9, 10)  validate (11, 12, 13, 14, 15)  test (16, 17, 18, 19, 20)

  ep  seed   eps       loss     return     flow   speed   validation
   0     1  0.30   4746.080      54.56     3616   34.82   [7s]
   1     2  0.30  15803.799    -141.53     3182   36.74   [8s]
   2     3  0.29   9963.809      14.58     3611   37.88   [7s]
   3     4  0.29   6338.669      37.48     3584   40.52   [7s]
   4     5  0.29   8311.186     -33.00     3516   35.58   return 120.1  flow 3654  speed 35.75  <- best   [41s]
   5     6  0.28   8716.589     -24.12     3438   36.43   [7s]
   6     7  0.28   8464.097     -63.26     3509   37.31   [7s]
   7     8  0.28   6338.624     -57.70     3573   41.14   [7s]
   8     9  0.27   5345.979      -4.06     3653   38.58   [7s]
   9    10  0.27   5863.059      -0.01     3616   39.07   return -183.4  flow 2974  speed 32.86   [47s]
  10     1  0.26   6239.057    -163.34     3144   32.55   [8s]
  11     2  0.26   6507.806    -144.23     3131   33.38   [8s]
  12     3  0.26   3665.044     -47.38     3324   39.09   [7s]
  13     4  0.25   4096.185     -27.10     3493   33.20   [7s]
  14     5  0.25   4869.046     -56.65     3333   37.54   return 46.3  flow 3638  speed 38.27   [41s]
  15     6  0.25   3716.051      -1.85     3522   37.52   [7s]
  16     7  0.24   3700.204     -14.27     3524   40.03   [7s]
  17     8  0.24   3763.694     -30.23     3791   40.28   [7s]
  18     9  0.24   4705.867     -76.54     3602   39.74   [7s]
  19    10  0.23   3701.517     -68.25     3602   36.50   return -15.8  flow 3381  speed 35.63   [45s]
  20     1  0.23   3336.903     -62.18     3500   38.25   [8s]
  21     2  0.23   3590.021     -79.53     3438   33.69   [8s]
  22     3  0.22   4371.293     -36.65     3542   37.57   [7s]
  23     4  0.22   4889.234    -156.30     3511   36.95   [7s]
  24     5  0.21   4060.358     -71.15     3533   39.92   return -29.1  flow 3730  speed 40.63   [41s]
  25     6  0.21   3591.632     -76.10     3676   40.02   [7s]
  26     7  0.21   3950.098      41.05     3669   41.36   [7s]
  27     8  0.20   6929.648     -11.58     3656   40.42   [7s]
  28     9  0.20   4758.258     -39.81     3204   35.93   [7s]
  29    10  0.20   3687.343      -7.23     3538   39.02   return 39.5  flow 3544  speed 38.23   [43s]
  30     1  0.19   4001.759     -29.06     3442   37.80   [7s]
  31     2  0.19   4498.887      -1.11     3442   37.28   [7s]
  32     3  0.19   5049.536     -12.91     3624   34.13   [7s]
  33     4  0.18   3663.142     -66.47     3527   35.25   [7s]
  34     5  0.18   8503.298     -34.11     3404   37.97   return 89.0  flow 3834  speed 40.27   [40s]
  35     6  0.18   6028.743      14.42     3736   42.88   [7s]
  36     7  0.17   5246.064     -26.11     3707   39.43   [7s]
  37     8  0.17   5885.467     -28.25     3642   38.68   [7s]
  38     9  0.17   6391.105      -3.01     3524   38.86   [7s]
  39    10  0.16   6618.271      30.09     3609   38.13   return 163.8  flow 3726  speed 39.56  <- best   [39s]
  40     1  0.16   8462.794     128.91     3700   40.40   [7s]
  41     2  0.15  13406.040      76.31     3822   39.59   [7s]
  42     3  0.15  14324.179     -61.55     3833   40.63   [7s]
  43     4  0.15  19130.953     -60.60     3680   41.70   [7s]
  44     5  0.14   6147.307     -66.93     3547   41.04   return -71.8  flow 3524  speed 36.61   [46s]
  45     6  0.14  10997.730    -134.42     3491   33.26   [8s]
  46     7  0.14   4064.516     -27.24     3740   36.50   [7s]
  47     8  0.13   4072.581     -31.71     3571   38.36   [7s]
  48     9  0.13   8316.541      72.66     3618   38.40   [7s]
  49    10  0.13   6876.622      41.66     3802   39.91   return -49.9  flow 3571  speed 38.36   [42s]
  50     1  0.12   3876.181     -47.90     3542   37.89   [7s]
  51     2  0.12   4349.452     -79.66     3427   37.66   [7s]
  52     3  0.12   4473.168     -65.67     3342   36.04   [7s]
  53     4  0.11   4941.653    -103.39     3309   35.54   [8s]
  54     5  0.11   6638.285    -211.77     3216   35.45   return -96.6  flow 3604  speed 41.63   [44s]
  55     6  0.11  10346.412    -114.65     3509   38.87   [7s]
  56     7  0.10   9305.884    -119.52     3547   41.63   [7s]
  57     8  0.10   4803.002    -140.32     3456   39.78   [7s]
  58     9  0.09   5248.944     -87.55     3573   38.51   [7s]
  59    10  0.09   7546.831     -10.02     3667   40.05   return -21.7  flow 3888  speed 43.84   [40s]
  60     1  0.09   5075.232     -65.01     3778   39.92   [7s]
  61     2  0.08   8651.622      70.82     3702   41.45   [7s]
  62     3  0.08   6068.308      11.50     3829   36.50   [7s]
  63     4  0.08   5732.819      68.06     3742   36.13   [7s]
  64     5  0.07   7030.782      31.29     3749   38.54   return 24.4  flow 3837  speed 38.87   [39s]
  65     6  0.07   5329.827      70.31     3827   36.99   [6s]
  66     7  0.07   5805.241      24.97     3724   37.65   [7s]
  67     8  0.06   5196.912     149.02     3918   40.05   [6s]
  68     9  0.06   5712.267      -6.79     3800   38.90   [7s]
  69    10  0.06   5893.618     108.83     3900   40.21   return 155.6  flow 3911  speed 39.78   [39s]
  70     1  0.05   5758.867     117.92     3853   38.44   [6s]
  71     2  0.05  10484.621      74.79     3864   38.67   [7s]
  72     3  0.04   7605.175      16.76     3753   38.94   [7s]
  73     4  0.04   3960.312      60.84     3842   39.40   [7s]
  74     5  0.04   8749.332      58.96     3689   37.17   return -25.5  flow 3378  speed 35.70   [41s]
  75     6  0.03   4665.635     -26.46     3338   36.51   [7s]
  76     7  0.03   3377.647      -6.75     3380   33.76   [7s]
  77     8  0.03   4041.077      43.02     3329   33.83   [7s]
  78     9  0.02   4208.576      66.48     3671   37.53   [7s]
  79    10  0.02   4168.580     138.67     3731   38.96   return 173.7  flow 3756  speed 42.30  <- best   [40s]

best checkpoint: episode 79, validation return 173.68

reading the held-out test seeds, once
  trained    flow    3775 veh/h  return    182.5  space-mean speed  40.81 km/h  vehicles     893  arrived  1996.6  held at entry    51.2
  no control flow    3568 veh/h  return     55.1  space-mean speed  42.68 km/h  vehicles     858  arrived  1950.8  held at entry     0.0
  difference +5.8% in steady-state flow
