=== ROTATED (the fix applied offline) ===
n_ticks: 18907
COUNTERFACTUAL: no `safety` block in these logs -- nothing below describes what the rig showed a driver, only what the gate would have decided against the same recorded inputs.

-- per-rule evaluability census --
  low_speed_uncongested: evaluable on 17944 of 18907 ticks; fired on 0 of 17944 evaluable (0.0%)
  all_lane_low_speed_occupancy: not evaluable on any tick (0 of 18907)
  passing_lane_slow_hold: not evaluable on any tick (0 of 18907)
  lane_change_dwell: not evaluable on any tick (0 of 18907)
  lane_changes_per_km: not evaluable on any tick (0 of 18907)
  target_lane_missing: not evaluable on any tick (0 of 18907)
  target_lane_front_gap: evaluable on 12718 of 18907 ticks; fired on 4733 of 12718 evaluable (37.2%)
  target_lane_rear_gap: not evaluable on any tick (0 of 18907)
  target_lane_front_ttc: not evaluable on any tick (0 of 18907)
  target_lane_rear_ttc: not evaluable on any tick (0 of 18907)
  target_lane_rear_braking: not evaluable on any tick (0 of 18907)
  forward_ttc: evaluable on 11781 of 18907 ticks; fired on 4751 of 11781 evaluable (40.3%)

-- counterfactual arms --
  recorded: recommended speed raised on 0 of 18907 ticks; lowered on 0 of 18907 ticks; events={}, emergency_override=4751, lane_withheld=14174
  forced_nominal: recommended speed raised on 0 of 18907 ticks; lowered on 0 of 18907 ticks; events={}, emergency_override=4751, lane_withheld=14174
  forced_slow: recommended speed raised on 2945 of 18907 ticks (mean +2.00 m/s); lowered on 0 of 18907 ticks; events={'etiquette_blocked_action:low_speed_uncongested': 2945}, emergency_override=4751, lane_withheld=14174

=== CONTROL (rotation removed) ===
n_ticks: 3421
COUNTERFACTUAL: no `safety` block in these logs -- nothing below describes what the rig showed a driver, only what the gate would have decided against the same recorded inputs.

-- per-rule evaluability census --
  low_speed_uncongested: not evaluable on any tick (0 of 3421)
  all_lane_low_speed_occupancy: not evaluable on any tick (0 of 3421)
  passing_lane_slow_hold: not evaluable on any tick (0 of 3421)
  lane_change_dwell: not evaluable on any tick (0 of 3421)
  lane_changes_per_km: not evaluable on any tick (0 of 3421)
  target_lane_missing: not evaluable on any tick (0 of 3421)
  target_lane_front_gap: not evaluable on any tick (0 of 3421)
  target_lane_rear_gap: not evaluable on any tick (0 of 3421)
  target_lane_front_ttc: not evaluable on any tick (0 of 3421)
  target_lane_rear_ttc: not evaluable on any tick (0 of 3421)
  target_lane_rear_braking: not evaluable on any tick (0 of 3421)
  forward_ttc: not evaluable on any tick (0 of 3421)

-- counterfactual arms --
  recorded: recommended speed raised on 0 of 3421 ticks; lowered on 0 of 3421 ticks; events={}, emergency_override=0, lane_withheld=3421
  forced_nominal: recommended speed raised on 0 of 3421 ticks; lowered on 0 of 3421 ticks; events={}, emergency_override=0, lane_withheld=3421
  forced_slow: recommended speed raised on 0 of 3421 ticks; lowered on 0 of 3421 ticks; events={}, emergency_override=0, lane_withheld=3421

